
> aiv-network@0.1.0 build
> next build

[baseline-browser-mapping] The data in this module is over two months old.  To ensure accurate Baseline data, please update: `npm i baseline-browser-mapping@latest -D`
   ▲ Next.js 16.0.10 (Turbopack)
   - Environments: .env.local

   Creating an optimized production build ...
[baseline-browser-mapping] The data in this module is over two months old.  To ensure accurate Baseline data, please update: `npm i baseline-browser-mapping@latest -D`
[baseline-browser-mapping] The data in this module is over two months old.  To ensure accurate Baseline data, please update: `npm i baseline-browser-mapping@latest -D`
 ✓ Compiled successfully in 6.8s
   Running TypeScript ...
   Collecting page data using 3 workers ...
[baseline-browser-mapping] The data in this module is over two months old.  To ensure accurate Baseline data, please update: `npm i baseline-browser-mapping@latest -D`
[baseline-browser-mapping] The data in this module is over two months old.  To ensure accurate Baseline data, please update: `npm i baseline-browser-mapping@latest -D`
[baseline-browser-mapping] The data in this module is over two months old.  To ensure accurate Baseline data, please update: `npm i baseline-browser-mapping@latest -D`
Error: supabaseUrl is required.
    at module evaluation (.next/server/chunks/[root-of-the-server]__ad634855._.js:1:1353)
    at instantiateModule (.next/server/chunks/[turbopack]_runtime.js:715:9)
    at instantiateRuntimeModule (.next/server/chunks/[turbopack]_runtime.js:743:12)
    at getOrInstantiateRuntimeModule (.next/server/chunks/[turbopack]_runtime.js:756:12)
    at Object.m (.next/server/chunks/[turbopack]_runtime.js:765:18)
    at Object.<anonymous> (.next/server/app/api/films/edit/[id]/route.js:7:3)
Error: supabaseUrl is required.
    at module evaluation (.next/server/chunks/[root-of-the-server]__ff3c533f._.js:1:1353)
    at instantiateModule (.next/server/chunks/[turbopack]_runtime.js:715:9)
    at instantiateRuntimeModule (.next/server/chunks/[turbopack]_runtime.js:743:12)
    at getOrInstantiateRuntimeModule (.next/server/chunks/[turbopack]_runtime.js:756:12)
    at Object.m (.next/server/chunks/[turbopack]_runtime.js:765:18)
    at Object.<anonymous> (.next/server/app/api/films/upload/route.js:7:3)
Error: supabaseUrl is required.
    at module evaluation (.next/server/chunks/[root-of-the-server]__42c5ab5f._.js:1:1649)
    at instantiateModule (.next/server/chunks/[turbopack]_runtime.js:715:9)
    at instantiateRuntimeModule (.next/server/chunks/[turbopack]_runtime.js:743:12)
    at getOrInstantiateRuntimeModule (.next/server/chunks/[turbopack]_runtime.js:756:12)
    at Object.m (.next/server/chunks/[turbopack]_runtime.js:765:18)
    at Object.<anonymous> (.next/server/app/api/films/[id]/route.js:7:3)

> Build error occurred
Error: Failed to collect page data for /api/films/edit/[id]
    at ignore-listed frames {
  type: 'Error'
}
